exports[`test renders correctly 1`] = `
<View
  style={
    Object {
      "flex": 1,
      "marginTop": 70,
    }
  }>
  <View>
    <Text
      accessible={true}
      allowFontScaling={true}
      ellipsizeMode="tail">
      Email:
    </Text>
    <TextInput
      onChangeText={[Function]}
      style={
        Object {
          "borderColor": "gray",
          "borderWidth": 1,
          "height": 20,
        }
      }
      value="" />
  </View>
  <Text
    accessible={true}
    allowFontScaling={true}
    ellipsizeMode="tail">
    Dont have an account?
  </Text>
</View>
`;
